../Core/Src/main.c:100:6:AddAlert	16	static
../Core/Src/main.c:106:6:PrepareLastTwoAlerts	24	static
../Core/Src/main.c:121:6:HAL_GPIO_EXTI_Callback	24	static
../Core/Src/main.c:226:6:HAL_TIM_PeriodElapsedCallback	16	static
../Core/Src/main.c:244:6:HAL_ADC_ConvCpltCallback	40	static
../Core/Src/main.c:289:5:main	16	static
../Core/Src/main.c:404:6:SystemClock_Config	88	static
../Core/Src/main.c:450:13:MX_ADC1_Init	24	static
../Core/Src/main.c:502:13:MX_I2C1_Init	8	static
../Core/Src/main.c:536:13:MX_TIM1_Init	96	static
../Core/Src/main.c:611:13:MX_TIM6_Init	16	static
../Core/Src/main.c:649:13:MX_TIM7_Init	16	static
../Core/Src/main.c:687:13:MX_DMA_Init	16	static
../Core/Src/main.c:719:13:MX_GPIO_Init	56	static
../Core/Src/main.c:813:6:Error_Handler	4	static,ignoring_inline_asm
