../Core/Src/main.c:100:6:AddAlert	1
../Core/Src/main.c:106:6:PrepareLastTwoAlerts	1
../Core/Src/main.c:121:6:HAL_GPIO_EXTI_Callback	11
../Core/Src/main.c:224:6:HAL_TIM_PeriodElapsedCallback	3
../Core/Src/main.c:242:6:HAL_ADC_ConvCpltCallback	4
../Core/Src/main.c:290:5:main	5
../Core/Src/main.c:411:6:SystemClock_Config	3
../Core/Src/main.c:457:13:MX_ADC1_Init	3
../Core/Src/main.c:509:13:MX_I2C1_Init	2
../Core/Src/main.c:543:13:MX_TIM1_Init	7
../Core/Src/main.c:618:13:MX_TIM6_Init	3
../Core/Src/main.c:656:13:MX_TIM7_Init	3
../Core/Src/main.c:694:13:MX_DMA_Init	2
../Core/Src/main.c:726:13:MX_GPIO_Init	1
../Core/Src/main.c:820:6:Error_Handler	1
