../Core/Src/main.c:100:6:AddAlert	1
../Core/Src/main.c:106:6:PrepareLastTwoAlerts	1
../Core/Src/main.c:121:6:HAL_GPIO_EXTI_Callback	10
../Core/Src/main.c:226:6:HAL_TIM_PeriodElapsedCallback	3
../Core/Src/main.c:244:6:HAL_ADC_ConvCpltCallback	4
../Core/Src/main.c:289:5:main	5
../Core/Src/main.c:404:6:SystemClock_Config	3
../Core/Src/main.c:450:13:MX_ADC1_Init	3
../Core/Src/main.c:502:13:MX_I2C1_Init	2
../Core/Src/main.c:536:13:MX_TIM1_Init	7
../Core/Src/main.c:611:13:MX_TIM6_Init	3
../Core/Src/main.c:649:13:MX_TIM7_Init	3
../Core/Src/main.c:687:13:MX_DMA_Init	2
../Core/Src/main.c:719:13:MX_GPIO_Init	1
../Core/Src/main.c:813:6:Error_Handler	1
