../Core/Src/main.c:76:6:HAL_GPIO_EXTI_Callback	24	static
../Core/Src/main.c:168:6:HAL_TIM_PeriodElapsedCallback	16	static
../Core/Src/main.c:179:6:HAL_ADC_ConvCpltCallback	40	static
../Core/Src/main.c:219:5:main	8	static
../Core/Src/main.c:293:6:SystemClock_Config	88	static
../Core/Src/main.c:339:13:MX_ADC1_Init	24	static
../Core/Src/main.c:391:13:MX_I2C1_Init	8	static
../Core/Src/main.c:425:13:MX_TIM1_Init	96	static
../Core/Src/main.c:500:13:MX_TIM6_Init	16	static
../Core/Src/main.c:538:13:MX_TIM7_Init	16	static
../Core/Src/main.c:576:13:MX_GPIO_Init	56	static
../Core/Src/main.c:650:6:Error_Handler	4	static,ignoring_inline_asm
