16:45:32 **** Incremental Build of configuration Debug for project Projet_scenario_1 ****
make -j12 all 
arm-none-eabi-gcc "../Core/Src/main.c" -mcpu=cortex-m4 -std=gnu11 -g3 -DDEBUG -DUSE_HAL_DRIVER -DSTM32F407xx -c -I../Core/Inc -I../Drivers/STM32F4xx_HAL_Driver/Inc -I../Drivers/STM32F4xx_HAL_Driver/Inc/Legacy -I../Drivers/CMSIS/Device/ST/STM32F4xx/Include -I../Drivers/CMSIS/Include -O0 -ffunction-sections -fdata-sections -Wall -fstack-usage -fcyclomatic-complexity -MMD -MP -MF"Core/Src/main.d" -MT"Core/Src/main.o" --specs=nano.specs -mfpu=fpv4-sp-d16 -mfloat-abi=hard -mthumb -o "Core/Src/main.o"
arm-none-eabi-gcc -o "Projet_scenario_1.elf" @"objects.list"   -mcpu=cortex-m4 -T"D:\work\AgroSafe\Projet_scenario_1\STM32F407VGTX_FLASH.ld" --specs=nosys.specs -Wl,-Map="Projet_scenario_1.map" -Wl,--gc-sections -static --specs=nano.specs -mfpu=fpv4-sp-d16 -mfloat-abi=hard -mthumb -u _printf_float -Wl,--start-group -lc -lm -Wl,--end-group
Finished building target: Projet_scenario_1.elf
 
arm-none-eabi-size  Projet_scenario_1.elf 
arm-none-eabi-objdump -h -S Projet_scenario_1.elf  > "Projet_scenario_1.list"
   text	   data	    bss	    dec	    hex	filename
  33876	    484	   2300	  36660	   8f34	Projet_scenario_1.elf
arm-none-eabi-objcopy  -O ihex Projet_scenario_1.elf  "Projet_scenario_1.hex"
Finished building: default.size.stdout
 
Finished building: Projet_scenario_1.hex
 
Finished building: Projet_scenario_1.list
 

16:45:33 Build Finished. 0 errors, 0 warnings. (took 823ms)

